// Jest Snapshot v1, https://goo.gl/fbAQLP

exports[`PlaylistHeading component shallow render matches snapshot 1`] = `
<div>
  <img
    alt="playlist cover"
    className="playlist-heading__image hidden-xs"
    src="https://i.scdn.co/image/cfb2948cf2e897460b0feasdfaef1e29d6d8"
  />
  <div
    className="playlist-heading__text"
  >
    <h3
      className="playlist-heading__title"
    >
       
      Bruce Springsteen – Hammersmith Odeon, London '75
      <small>
         by 
        1237555400
      </small>
    </h3>
    <SelectedTracksCount
      filteredTracks={
        Array [
          Object {
            "acousticness": 0.575,
            "artist": "KMD",
            "danceability": 0.881,
            "duration_ms": 24162633,
            "energy": 0.836,
            "id": "6UUY9L3jGnK507sKWK20s3",
            "instrumentalness": 0,
            "liveness": 0.105,
            "name": "Peachfuzz",
            "popularity": 0.35,
            "uri": "spotify:track:6UUY9L3jGnK507sKWK20s3",
            "valence": 0.461,
          },
          Object {
            "acousticness": 0.046,
            "artist": "Tidus",
            "danceability": 0.939,
            "duration_ms": 192000,
            "energy": 0.653,
            "id": "0tJWc3RXOuli1FjEgzpCn7",
            "instrumentalness": 0.277,
            "liveness": 0.0336,
            "name": "Delancey",
            "popularity": 0.41,
            "uri": "spotify:track:0tJWc3RXOuli1FjEgzpCn7",
            "valence": 0.81,
          },
        ]
      }
      tracks={
        Array [
          Object {
            "acousticness": 0.575,
            "artist": "KMD",
            "danceability": 0.881,
            "duration_ms": 241626,
            "energy": 0.836,
            "id": "6UUY9L3jGnK507sKWK20s3",
            "instrumentalness": 0,
            "liveness": 0.105,
            "name": "Peachfuzz",
            "popularity": 0.35,
            "uri": "spotify:track:6UUY9L3jGnK507sKWK20s3",
            "valence": 0.461,
          },
          Object {
            "acousticness": 0.046,
            "artist": "Tidus",
            "danceability": 0.939,
            "duration_ms": 192000,
            "energy": 0.653,
            "id": "0tJWc3RXOuli1FjEgzpCn7",
            "instrumentalness": 0.277,
            "liveness": 0.0336,
            "name": "Delancey",
            "popularity": 0.41,
            "uri": "spotify:track:0tJWc3RXOuli1FjEgzpCn7",
            "valence": 0.81,
          },
          Object {
            "acousticness": 0.857,
            "artist": "Bruce Springsteen",
            "danceability": 0.476,
            "duration_ms": 350480,
            "energy": 0.47,
            "id": "2tFykPvhvN1AdUkeQQLCuV",
            "instrumentalness": 0,
            "liveness": 0.976,
            "name": "Thunder Road - The Song - Live at Hammersmith Odeon Audio",
            "popularity": 0.39,
            "uri": "spotify:track:2tFykPvhvN1AdUkeQQLCuV",
            "valence": 0.353,
          },
        ]
      }
    />
  </div>
</div>
`;
